<!doctype html>
<html lang="en">
<head>
    <meta charset="utf-8"/>
    <title>Test title</title>
    <meta name="description" content="Test description"/>
    <meta name="author" content="Test author" />
    <meta name="apple-mobile-web-app-capable" content="yes"/>
    <meta name="apple-mobile-web-app-status-bar-style" content="black-translucent"/>
    <link rel="stylesheet" href="/testing/reveal.js/3.1.0/css/reveal.css"/>
    <link rel="stylesheet" href="/testing/reveal.js/3.1.0/css/theme/simple.css" id="theme" />
    <link rel="stylesheet" href="/testing/assets/reveal.css"/>
    <link rel="stylesheet" href="/testing/reveal.js/3.1.0/lib/css/zenburn.css"/>
    <script>
        /*<![CDATA[*/
        if( window.location.search.match( /print-pdf/gi ) ) {
            var link = document.createElement( 'link' );
            link.rel = 'stylesheet';
            link.type = 'text/css';
            link.href = '/testing/reveal.js/3.1.0/css/print/pdf.css';
            document.getElementsByTagName( 'head' )[0].appendChild( link );
        }
        /*]]>*/
    </script>
</head>
<body>
<div class="reveal">
    <!--@thymesVar id="sections" type="java.util.List<fr.patouche.slides.SlideSection>"-->
    <!--@thymesVar id="section" type="fr.patouche.slides.SlideSection"-->
    <div class="slides">
        <section>
            <section>content-1.1</section>
            <section>content-1.2</section>
        </section>
        <section>
            <section>content-2.1</section>
            <section>content-2.2</section>
        </section>
    </div>
</div>
<script src="/testing/reveal.js/3.1.0/lib/js/head.min.js"></script>
<script src="/testing/reveal.js/3.1.0/js/reveal.js"></script>
<script>
    /*<![CDATA[*/
    Reveal.initialize({
        controls: true,
        progress: true,
        history: true,
        center: true,
        theme: Reveal.getQueryHash().theme, // available themes are in /css/theme
        transition: Reveal.getQueryHash().transition || 'default', // default/cube/page/concave/zoom/linear/none
        // Optional libraries used to extend on reveal.js
        dependencies: [
            {
                src: '/testing/reveal.js/3.1.0/lib/js/classList.js',
                condition: function () { return !document.body.classList; }
            },
            {
                src: '/testing/reveal.js-3.2.0/plugin/markdown/showdown.js',
                condition: function () { return !!document.querySelector('[data-markdown]'); }
            },
            {
                src: '/testing/reveal.js/3.1.0/plugin/markdown/markdown.js',
                condition: function () { return !!document.querySelector('[data-markdown]'); }
            },
            {
                src: '/testing/reveal.js/3.1.0/plugin/highlight/highlight.js',
                async: true,
                callback: function () { hljs.initHighlightingOnLoad(); }
            },
            {
                src: '/testing/reveal.js/3.1.0/plugin/zoom-js/zoom.js',
                async: true,
                condition: function () { return !!document.body.classList; }
            },
            {
                src: '/testing/reveal.js/3.1.0/plugin/notes/notes.js',
                async: true,
                condition: function () { return !!document.body.classList; }
            }
        ]
    });
    /*]]>*/
</script>
</body>
</html>